// Jest Snapshot v1, https://goo.gl/fbAQLP

exports[`SearchBar matches the snapshot 1`] = `
ShallowWrapper {
  "length": 1,
  Symbol(enzyme.__root__): [Circular],
  Symbol(enzyme.__unrendered__): <withRouter(Connect(SearchBar))
    filteredRestaurants={
        Array [
            Object {
              "address": "1920 Market St",
              "city": "Denver",
              "created_at": "2018-07-30T13:59:04.919Z",
              "id": 1,
              "latitude": "39.752816",
              "longitude": "-104.993984",
              "name": "Brothers Bar",
              "phone": "(303) 297-2767",
              "restaurant_image": "http://www.brothersbar.com/wp-content/uploads/2015/10/GALLERY-Stapleton.jpg",
              "state": "CO",
              "website": "http://www.brothersbar.com/denver-co/",
              "zip_code": 80202,
            },
          ]
    }
/>,
  Symbol(enzyme.__renderer__): Object {
    "batchedUpdates": [Function],
    "getNode": [Function],
    "render": [Function],
    "simulateEvent": [Function],
    "unmount": [Function],
  },
  Symbol(enzyme.__node__): Object {
    "instance": null,
    "key": undefined,
    "nodeType": "class",
    "props": Object {
      "children": [Function],
    },
    "ref": null,
    "rendered": [Function],
    "type": [Function],
  },
  Symbol(enzyme.__nodes__): Array [
    Object {
      "instance": null,
      "key": undefined,
      "nodeType": "class",
      "props": Object {
        "children": [Function],
      },
      "ref": null,
      "rendered": [Function],
      "type": [Function],
    },
  ],
  Symbol(enzyme.__options__): Object {
    "adapter": ReactSixteenAdapter {
      "options": Object {
        "enableComponentDidUpdateOnSetState": true,
      },
    },
    "disableLifecycleMethods": true,
  },
}
`;
